[INFO] Scanning for projects...
[INFO] 
[INFO] ------------------< com.restaurant:restaurant-owner >-------------------
[INFO] Building Restaurant Owner Game 1.0.0
[INFO]   from pom.xml
[INFO] --------------------------------[ jar ]---------------------------------
[INFO] 
[INFO] --- resources:3.3.1:resources (default-resources) @ restaurant-owner ---
[INFO] Copying 1 resource from src\main\resources to target\classes
[INFO] 
[INFO] --- compiler:3.11.0:compile (default-compile) @ restaurant-owner ---
[INFO] Changes detected - recompiling the module! :source
[INFO] Compiling 23 source files with javac [debug target 11] to target\classes
[INFO] -------------------------------------------------------------
[WARNING] COMPILATION WARNING : 
[INFO] -------------------------------------------------------------
[WARNING] 未与 -source 11 一起设置系统模块路径
[INFO] 1 warning
[INFO] -------------------------------------------------------------
[INFO] -------------------------------------------------------------
[ERROR] COMPILATION ERROR : 
[INFO] -------------------------------------------------------------
[ERROR] /D:/user-app/myboss/RestaurantOwner/src/main/java/com/restaurant/game/SaveManager.java:[252,24] 已在方法 loadGame()中定义了变量 name
[INFO] 1 error
[INFO] -------------------------------------------------------------
[INFO] ------------------------------------------------------------------------
[INFO] BUILD FAILURE
[INFO] ------------------------------------------------------------------------
[INFO] Total time:  1.659 s
[INFO] Finished at: 2025-12-10T11:08:02+08:00
[INFO] ------------------------------------------------------------------------
[ERROR] Failed to execute goal org.apache.maven.plugins:maven-compiler-plugin:3.11.0:compile (default-compile) on project restaurant-owner: Compilation failure
[ERROR] /D:/user-app/myboss/RestaurantOwner/src/main/java/com/restaurant/game/SaveManager.java:[252,24] 已在方法 loadGame()中定义了变量 name
[ERROR] 
[ERROR] -> [Help 1]
[ERROR] 
[ERROR] To see the full stack trace of the errors, re-run Maven with the -e switch.
[ERROR] Re-run Maven using the -X switch to enable full debug logging.
[ERROR] 
[ERROR] For more information about the errors and possible solutions, please read the following articles:
[ERROR] [Help 1] http://cwiki.apache.org/confluence/display/MAVEN/MojoFailureException
